Copyright 1986-2018 Xilinx, Inc. All Rights Reserved.
-----------------------------------------------------------------------------------------------
| Tool Version : Vivado v.2018.2 (win64) Build 2258646 Thu Jun 14 20:03:12 MDT 2018
| Date         : Mon Nov  4 22:51:15 2024
| Host         : tendra running 64-bit major release  (build 9200)
| Command      : report_control_sets -verbose -file BomberGameTopLevel_control_sets_placed.rpt
| Design       : BomberGameTopLevel
| Device       : xc7a35t
-----------------------------------------------------------------------------------------------

Control Set Information

Table of Contents
-----------------
1. Summary
2. Histogram
3. Flip-Flop Distribution
4. Detailed Control Set Information

1. Summary
----------

+----------------------------------------------------------+-------+
|                          Status                          | Count |
+----------------------------------------------------------+-------+
| Number of unique control sets                            |   202 |
| Unused register locations in slices containing registers |   526 |
+----------------------------------------------------------+-------+


2. Histogram
------------

+--------+--------------+
| Fanout | Control Sets |
+--------+--------------+
|      2 |            8 |
|      6 |            4 |
|      8 |            8 |
|     10 |           22 |
|     14 |           13 |
|    16+ |          147 |
+--------+--------------+


3. Flip-Flop Distribution
-------------------------

+--------------+-----------------------+------------------------+-----------------+--------------+
| Clock Enable | Synchronous Set/Reset | Asynchronous Set/Reset | Total Registers | Total Slices |
+--------------+-----------------------+------------------------+-----------------+--------------+
| No           | No                    | No                     |             604 |          171 |
| No           | No                    | Yes                    |             182 |           35 |
| No           | Yes                   | No                     |            1426 |          232 |
| Yes          | No                    | No                     |            1076 |          261 |
| Yes          | No                    | Yes                    |             766 |          136 |
| Yes          | Yes                   | No                     |            2812 |          444 |
+--------------+-----------------------+------------------------+-----------------+--------------+


4. Detailed Control Set Information
-----------------------------------

+-----------------------------+---------------------------------------------------------------------------------------------+----------------------------------------------------------------------------------------+------------------+----------------+
|         Clock Signal        |                                        Enable Signal                                        |                                    Set/Reset Signal                                    | Slice Load Count | Bel Load Count |
+-----------------------------+---------------------------------------------------------------------------------------------+----------------------------------------------------------------------------------------+------------------+----------------+
|  clk_IBUF_BUFG              | pixelColourControl/master_tx_module1/uart_tx_inst/tx_i_1__5_n_0                             | SW_IBUF[14]                                                                            |                1 |              2 |
|  clk_IBUF_BUFG              | pixelColourControl/slave_tx_module3/uart_tx_inst_slave/tx_i_1__1_n_0                        | SW_IBUF[14]                                                                            |                1 |              2 |
|  clk_IBUF_BUFG              | pixelColourControl/slave_tx_module2/uart_tx_inst_slave/tx_i_1__0_n_0                        | SW_IBUF[14]                                                                            |                1 |              2 |
| ~clk6p25m_BUFG              |                                                                                             |                                                                                        |                1 |              2 |
|  clk_IBUF_BUFG              | pixelColourControl/master_tx_module2/uart_tx_inst/tx_i_1__4_n_0                             | SW_IBUF[14]                                                                            |                1 |              2 |
|  clk_IBUF_BUFG              | pixelColourControl/master_tx_module4/uart_tx_inst/tx_i_1__2_n_0                             | SW_IBUF[14]                                                                            |                1 |              2 |
|  clk_IBUF_BUFG              | pixelColourControl/slave_tx_module/uart_tx_inst_slave/tx_i_1_n_0                            | SW_IBUF[14]                                                                            |                1 |              2 |
|  clk_IBUF_BUFG              | pixelColourControl/master_tx_module3/uart_tx_inst/tx_i_1__3_n_0                             | SW_IBUF[14]                                                                            |                1 |              2 |
|  clk_IBUF_BUFG              | pixelColourControl/master_tx_module3/uart_tx_inst/E[0]                                      | SW_IBUF[14]                                                                            |                1 |              6 |
|  clk_IBUF_BUFG              | pixelColourControl/master_tx_module1/uart_tx_inst/E[0]                                      | SW_IBUF[14]                                                                            |                1 |              6 |
|  clk_IBUF_BUFG              | pixelColourControl/master_tx_module2/uart_tx_inst/E[0]                                      | SW_IBUF[14]                                                                            |                1 |              6 |
|  clk_IBUF_BUFG              | pixelColourControl/master_tx_module4/uart_tx_inst/E[0]                                      | SW_IBUF[14]                                                                            |                1 |              6 |
|  Player1MovementControl/clk |                                                                                             |                                                                                        |                3 |              8 |
|  clk_IBUF_BUFG              | pixelColourControl/slave_tx_module3/uart_tx_inst_slave/shift_reg                            | SW_IBUF[14]                                                                            |                1 |              8 |
|  Player2MovementControl/clk |                                                                                             |                                                                                        |                3 |              8 |
|  clk_IBUF_BUFG              | pixelColourControl/slave_tx_module/uart_tx_inst_slave/shift_reg                             | SW_IBUF[14]                                                                            |                1 |              8 |
|  clk6p25m_BUFG              | Oled_display/pixel_data_reg[15]_29                                                          | Oled_display/pixel_data_reg[1]_101                                                     |                2 |              8 |
|  Player4MovementControl/clk |                                                                                             |                                                                                        |                2 |              8 |
|  Player3MovementControl/clk |                                                                                             |                                                                                        |                3 |              8 |
|  clk_IBUF_BUFG              | pixelColourControl/slave_tx_module2/uart_tx_inst_slave/shift_reg                            | SW_IBUF[14]                                                                            |                1 |              8 |
|  clk_IBUF_BUFG              | pixelColourControl/master_tx_module4/uart_tx_inst/bit_idx[4]_i_1__2_n_0                     | SW_IBUF[14]                                                                            |                2 |             10 |
|  clk_IBUF_BUFG              | pixelColourControl/slave_tx_module3/uart_tx_inst_slave/E[0]                                 | SW_IBUF[14]                                                                            |                1 |             10 |
|  clk_IBUF_BUFG              | pixelColourControl/slave_rx_module2/bit_idx                                                 | SW_IBUF[14]                                                                            |                3 |             10 |
|  clk_IBUF_BUFG              | pixelColourControl/slave_rx_module2/data[31]_i_1__5_n_0                                     | SW_IBUF[14]                                                                            |                1 |             10 |
|  clk_IBUF_BUFG              | pixelColourControl/slave_rx_module3/bit_idx                                                 | SW_IBUF[14]                                                                            |                2 |             10 |
|  clk6p25m_BUFG              | pixelColourControl/Player2MovementControl/pixel_data_reg[1]_3                               | pixelColourControl/Player2MovementControl/pixel_data_reg[14]_2                         |                2 |             10 |
|  clk_IBUF_BUFG              | pixelColourControl/slave_rx_module3/data[31]_i_1__0_n_0                                     | SW_IBUF[14]                                                                            |                1 |             10 |
|  clk_IBUF_BUFG              | pixelColourControl/slave_rx_module4/bit_idx                                                 | SW_IBUF[14]                                                                            |                2 |             10 |
|  clk_IBUF_BUFG              | pixelColourControl/master_tx_module1/uart_tx_inst/bit_idx[4]_i_1__5_n_0                     | SW_IBUF[14]                                                                            |                2 |             10 |
|  clk_IBUF_BUFG              | pixelColourControl/master_rx_module/bit_idx                                                 | SW_IBUF[14]                                                                            |                3 |             10 |
|  clk_IBUF_BUFG              | pixelColourControl/master_rx_module3/bit_idx                                                | SW_IBUF[14]                                                                            |                2 |             10 |
|  clk_IBUF_BUFG              | pixelColourControl/slave_tx_module/uart_tx_inst_slave/bit_idx[4]_i_1_n_0                    | SW_IBUF[14]                                                                            |                3 |             10 |
|  clk_IBUF_BUFG              | pixelColourControl/slave_tx_module/uart_tx_inst_slave/E[0]                                  | SW_IBUF[14]                                                                            |                1 |             10 |
|  clk_IBUF_BUFG              | pixelColourControl/master_tx_module2/uart_tx_inst/bit_idx[4]_i_1__4_n_0                     | SW_IBUF[14]                                                                            |                2 |             10 |
|  clk_IBUF_BUFG              | pixelColourControl/slave_rx_module/bit_idx                                                  | SW_IBUF[14]                                                                            |                2 |             10 |
|  clk_IBUF_BUFG              | pixelColourControl/slave_tx_module2/uart_tx_inst_slave/bit_idx[4]_i_1__0_n_0                | SW_IBUF[14]                                                                            |                2 |             10 |
|  clk_IBUF_BUFG              | pixelColourControl/master_rx_module2/bit_idx                                                | SW_IBUF[14]                                                                            |                2 |             10 |
|  clk6p25m_BUFG              | Oled_display/pixel_data0                                                                    | pixelColourControl/ColourControl/nolabel_line139/pixel_data[9]_i_1__9_n_0              |                3 |             10 |
|  clk_IBUF_BUFG              | pixelColourControl/slave_rx_module4/data[31]_i_1_n_0                                        | SW_IBUF[14]                                                                            |                1 |             10 |
|  clk_IBUF_BUFG              | pixelColourControl/slave_tx_module2/uart_tx_inst_slave/E[0]                                 | SW_IBUF[14]                                                                            |                2 |             10 |
|  clk_IBUF_BUFG              | pixelColourControl/slave_tx_module3/uart_tx_inst_slave/bit_idx[4]_i_1__1_n_0                | SW_IBUF[14]                                                                            |                2 |             10 |
|  clk_IBUF_BUFG              | pixelColourControl/master_tx_module3/uart_tx_inst/bit_idx[4]_i_1__3_n_0                     | SW_IBUF[14]                                                                            |                2 |             10 |
|  clk6p25m_BUFG              | pixelColourControl/Player1MovementControl/TrackPlayer1Square/FirstBlock[6]_i_1_n_0          | pixelColourControl/Player1MovementControl/TrackPlayer1Square/BlocksSet                 |                4 |             14 |
|  clk_IBUF_BUFG              |                                                                                             |                                                                                        |                7 |             14 |
|  clk6p25m_BUFG              | pixelColourControl/Player2MovementControl/TrackPlayer1Square/BlocksSet                      |                                                                                        |                7 |             14 |
|  clk6p25m_BUFG              | pixelColourControl/Player2MovementControl/TrackPlayer1Square/FirstBlock[6]_i_1__0_n_0       | pixelColourControl/Player2MovementControl/TrackPlayer1Square/BlocksSet                 |                5 |             14 |
|  clk6p25m_BUFG              | pixelColourControl/Player2MovementControl/TrackPlayer1Square/SecondBlock[6]_i_1__0_n_0      | pixelColourControl/Player2MovementControl/TrackPlayer1Square/BlocksSet                 |                5 |             14 |
|  clk6p25m_BUFG              | pixelColourControl/Player3MovementControl/TrackPlayer1Square/SecondBlock[6]_i_1__1_n_0      | pixelColourControl/Player3MovementControl/TrackPlayer1Square/BlocksSet                 |                7 |             14 |
|  clk6p25m_BUFG              | pixelColourControl/Player1MovementControl/TrackPlayer1Square/SecondBlock[6]_i_1_n_0         | pixelColourControl/Player1MovementControl/TrackPlayer1Square/BlocksSet                 |                5 |             14 |
|  clk6p25m_BUFG              | pixelColourControl/Player1MovementControl/TrackPlayer1Square/BlocksSet                      |                                                                                        |                7 |             14 |
|  clk6p25m_BUFG              | pixelColourControl/Player4MovementControl/TrackPlayer1Square/SecondBlock[6]_i_1__2_n_0      | pixelColourControl/Player4MovementControl/TrackPlayer1Square/BlocksSet                 |                5 |             14 |
|  clk6p25m_BUFG              | pixelColourControl/Player3MovementControl/TrackPlayer1Square/BlocksSet                      |                                                                                        |                7 |             14 |
|  clk6p25m_BUFG              | pixelColourControl/Player3MovementControl/TrackPlayer1Square/FirstBlock[6]_i_1__1_n_0       | pixelColourControl/Player3MovementControl/TrackPlayer1Square/BlocksSet                 |                5 |             14 |
|  clk6p25m_BUFG              | pixelColourControl/Player4MovementControl/TrackPlayer1Square/FirstBlock[6]_i_1__2_n_0       | pixelColourControl/Player4MovementControl/TrackPlayer1Square/BlocksSet                 |                3 |             14 |
|  clk6p25m_BUFG              | pixelColourControl/Player4MovementControl/TrackPlayer1Square/BlocksSet                      |                                                                                        |                7 |             14 |
|  clk6p25m_BUFG              | Oled_display/pixel_data0                                                                    |                                                                                        |                4 |             16 |
|  clk_IBUF_BUFG              | pixelColourControl/master_rx_module2/data[31]_i_1__3_n_0                                    | SW_IBUF[14]                                                                            |                2 |             18 |
|  clk_IBUF_BUFG              | pixelColourControl/master_rx_module/data[31]_i_1__4_n_0                                     | SW_IBUF[14]                                                                            |                3 |             18 |
|  clk6p25m_BUFG              | pixelColourControl/Player4MovementControl/TrackPlayer1Square/yBlock[2]_i_1__2_n_0           |                                                                                        |                3 |             18 |
|  clk6p25m_BUFG              | pixelColourControl/Player1MovementControl/TrackPlayer1Square/yBlock[2]_i_1_n_0              |                                                                                        |                3 |             18 |
|  clk6p25m_BUFG              | pixelColourControl/Player2MovementControl/TrackPlayer1Square/yBlock[2]_i_1__0_n_0           |                                                                                        |                3 |             18 |
|  clk6p25m_BUFG              | pixelColourControl/Player3MovementControl/TrackPlayer1Square/yBlock[2]_i_1__1_n_0           |                                                                                        |                3 |             18 |
|  clk_IBUF_BUFG              | pixelColourControl/master_rx_module3/data[31]_i_1__2_n_0                                    | SW_IBUF[14]                                                                            |                3 |             18 |
|  clk_IBUF_BUFG              | pixelColourControl/master_tx_module1/tx_data[31]_i_1__2_n_0                                 |                                                                                        |                3 |             20 |
|  clk_IBUF_BUFG              | pixelColourControl/master_tx_module4/tx_data[31]_i_1_n_0                                    |                                                                                        |                2 |             20 |
|  clk_IBUF_BUFG              | pixelColourControl/master_tx_module2/tx_data[31]_i_1__1_n_0                                 |                                                                                        |                4 |             20 |
|  clk_IBUF_BUFG              | pixelColourControl/master_tx_module4/uart_tx_inst/shift_reg                                 | SW_IBUF[14]                                                                            |                2 |             20 |
|  clk_IBUF_BUFG              | pixelColourControl/master_tx_module2/uart_tx_inst/shift_reg                                 | SW_IBUF[14]                                                                            |                2 |             20 |
|  clk_IBUF_BUFG              | pixelColourControl/master_tx_module3/uart_tx_inst/shift_reg                                 | SW_IBUF[14]                                                                            |                3 |             20 |
|  clk_IBUF_BUFG              | pixelColourControl/slave_rx_module/data[31]_i_1__1_n_0                                      | SW_IBUF[14]                                                                            |                4 |             20 |
|  clk_IBUF_BUFG              | pixelColourControl/master_tx_module1/uart_tx_inst/shift_reg                                 | SW_IBUF[14]                                                                            |                2 |             20 |
|  clk_IBUF_BUFG              | pixelColourControl/master_tx_module3/tx_data[31]_i_1__0_n_0                                 |                                                                                        |                2 |             20 |
|  clk6p25m_BUFG              | pixelColourControl/BombControl/mod_inst[5].renderbomby/staticbomb/pixel_data[15]_i_1__4_n_0 |                                                                                        |                8 |             22 |
|  clk6p25m_BUFG              | pixelColourControl/BombControl/mod_inst[1].renderbomby/staticbomb/pixel_data[15]_i_1__0_n_0 |                                                                                        |                8 |             22 |
|  clk6p25m_BUFG              | pixelColourControl/Player2MovementControl/pixel_data_reg[1]_3                               |                                                                                        |                4 |             22 |
|  clk6p25m_BUFG              | pixelColourControl/BombControl/mod_inst[0].renderbomby/staticbomb/pixel_data[15]_i_1_n_0    |                                                                                        |                8 |             22 |
|  clk6p25m_BUFG              | pixelColourControl/Player1MovementControl/TrackPlayer1Square/CEP                            |                                                                                        |                7 |             22 |
|  clk6p25m_BUFG              | pixelColourControl/Player4MovementControl/TrackPlayer1Square/CEP                            |                                                                                        |                5 |             22 |
|  clk_IBUF_BUFG              | pixelColourControl/master_tx_module1/uart_tx_inst/clk_cnt_0                                 | SW_IBUF[14]                                                                            |                2 |             22 |
|  clk_IBUF_BUFG              | pixelColourControl/master_tx_module2/uart_tx_inst/clk_cnt_0                                 | SW_IBUF[14]                                                                            |                3 |             22 |
|  clk_IBUF_BUFG              | pixelColourControl/master_tx_module3/uart_tx_inst/clk_cnt_0                                 | SW_IBUF[14]                                                                            |                3 |             22 |
|  clk_IBUF_BUFG              | pixelColourControl/master_tx_module4/uart_tx_inst/clk_cnt_0                                 | SW_IBUF[14]                                                                            |                3 |             22 |
|  clk6p25m_BUFG              | pixelColourControl/Player2MovementControl/TrackPlayer1Square/CEP                            |                                                                                        |                5 |             22 |
|  clk6p25m_BUFG              | pixelColourControl/Player3MovementControl/TrackPlayer1Square/CEP                            |                                                                                        |                6 |             22 |
|  clk6p25m_BUFG              | pixelColourControl/BombControl/mod_inst[3].renderbomby/staticbomb/pixel_data[15]_i_1__2_n_0 |                                                                                        |                6 |             22 |
|  clk_IBUF_BUFG              | pixelColourControl/slave_tx_module/uart_tx_inst_slave/clk_cnt                               | SW_IBUF[14]                                                                            |                3 |             22 |
|  clk_IBUF_BUFG              | pixelColourControl/slave_tx_module2/uart_tx_inst_slave/clk_cnt                              | SW_IBUF[14]                                                                            |                3 |             22 |
|  clk_IBUF_BUFG              | pixelColourControl/slave_tx_module3/uart_tx_inst_slave/clk_cnt                              | SW_IBUF[14]                                                                            |                4 |             22 |
|  clk6p25m_BUFG              | pixelColourControl/BombControl/mod_inst[2].renderbomby/staticbomb/pixel_data[15]_i_1__1_n_0 |                                                                                        |                7 |             22 |
|  clk6p25m_BUFG              | pixelColourControl/BombControl/mod_inst[4].renderbomby/staticbomb/pixel_data[15]_i_1__3_n_0 |                                                                                        |                6 |             22 |
|  Player3MovementControl/clk | pixelColourControl/Player3MovementControl/PlayerMaxY[5]_i_1__1_n_0                          | pixelColourControl/ColourControl/Player3/FuturePlayerMinX_reg[2][0]                    |                5 |             24 |
|  Player3MovementControl/clk | pixelColourControl/Player3MovementControl/FuturePlayerMaxY                                  | pixelColourControl/ColourControl/Player3/FuturePlayerMinX_reg[2][0]                    |                8 |             24 |
|  Player1MovementControl/clk | pixelColourControl/Player1MovementControl/PlayerMaxY[5]_i_1_n_0                             | pixelColourControl/ColourControl/Player1/SR[0]                                         |                5 |             24 |
|  clk6p25m_BUFG              | pixelColourControl/BombControl/mod_inst1[1].Bombcounter/BombsBlock_reg[1][0]_rep__1         |                                                                                        |                6 |             24 |
|  Player2MovementControl/clk | pixelColourControl/Player2MovementControl/FuturePlayerMaxY                                  | pixelColourControl/ColourControl/Player2/FuturePlayerMinX_reg[6][0]                    |                8 |             24 |
|  Player4MovementControl/clk | pixelColourControl/Player4MovementControl/PlayerMaxY[5]_i_1__2_n_0                          | pixelColourControl/ColourControl/Player4/FuturePlayerMinX_reg[6][0]                    |                4 |             24 |
|  Player1MovementControl/clk | pixelColourControl/Player1MovementControl/FuturePlayerMaxY                                  | pixelColourControl/ColourControl/Player1/SR[0]                                         |                8 |             24 |
|  clk6p25m_BUFG              | pixelColourControl/BombControl/mod_inst1[3].Bombcounter/BombsBlock_reg[3][1]_rep__0         |                                                                                        |               11 |             24 |
|  twohundredhz/clk200hz      |                                                                                             | pixelColourControl/initiate_reset_out                                                  |                3 |             24 |
|  Player2MovementControl/clk | pixelColourControl/Player2MovementControl/PlayerMaxY[5]_i_1__0_n_0                          | pixelColourControl/ColourControl/Player2/FuturePlayerMinX_reg[6][0]                    |                4 |             24 |
|  clk6p25m_BUFG              | Oled_display/pixel_data_reg[15]_29                                                          |                                                                                        |                6 |             24 |
|  Player4MovementControl/clk | pixelColourControl/Player4MovementControl/FuturePlayerMaxY                                  | pixelColourControl/ColourControl/Player4/FuturePlayerMinX_reg[6][0]                    |                8 |             24 |
|  clk6p25m_BUFG              | pixelColourControl/BombControl/mod_inst1[5].Bombcounter/BombsBlock_reg[5][1]_rep__0         |                                                                                        |                8 |             26 |
|  clk6p25m_BUFG              | pixelColourControl/BombControl/mod_inst1[0].Bombcounter/BombsBlock_reg[0][0]_rep__2         |                                                                                        |               12 |             26 |
|  clk6p25m_BUFG              | pixelColourControl/Player3MovementControl/E[0]                                              |                                                                                        |                3 |             26 |
|  clk6p25m_BUFG              | pixelColourControl/BombControl/mod_inst1[4].Bombcounter/BombsBlock_reg[4][1]_rep__0         |                                                                                        |                8 |             26 |
|  clk6p25m_BUFG              | Oled_display/E[0]                                                                           |                                                                                        |                7 |             26 |
|  clk6p25m_BUFG              | pixelColourControl/Player3MovementControl/isPixel_reg[0]                                    |                                                                                        |                6 |             26 |
|  clk6p25m_BUFG              | pixelColourControl/BombControl/mod_inst1[2].Bombcounter/BombsBlock_reg[2][1]_rep__0         |                                                                                        |               11 |             26 |
|  Player3MovementControl/clk | pixelColourControl/Player3MovementControl/FuturePlayerMinX                                  | pixelColourControl/ColourControl/Player3/FuturePlayerMinX_reg[2][0]                    |                9 |             28 |
|  Player3MovementControl/clk | pixelColourControl/Player3MovementControl/PlayerMinX[6]_i_1__1_n_0                          | pixelColourControl/ColourControl/Player3/FuturePlayerMinX_reg[2][0]                    |                6 |             28 |
|  clk_IBUF_BUFG              | pixelColourControl/slave_rx_module3/clk_cnt                                                 | SW_IBUF[14]                                                                            |                6 |             28 |
|  clk_IBUF_BUFG              | pixelColourControl/slave_rx_module4/clk_cnt                                                 | SW_IBUF[14]                                                                            |                6 |             28 |
|  clk_IBUF_BUFG              | pixelColourControl/master_rx_module2/clk_cnt                                                | SW_IBUF[14]                                                                            |                7 |             28 |
|  clk_IBUF_BUFG              | pixelColourControl/master_rx_module3/clk_cnt                                                | SW_IBUF[14]                                                                            |                6 |             28 |
|  clk_IBUF_BUFG              | pixelColourControl/slave_rx_module2/clk_cnt                                                 | SW_IBUF[14]                                                                            |                5 |             28 |
|  clk_IBUF_BUFG              | pixelColourControl/master_rx_module/clk_cnt                                                 | SW_IBUF[14]                                                                            |                6 |             28 |
|  clk_IBUF_BUFG              | pixelColourControl/slave_rx_module/clk_cnt                                                  | SW_IBUF[14]                                                                            |                6 |             28 |
|  Player2MovementControl/clk | pixelColourControl/Player2MovementControl/FuturePlayerMinX                                  | pixelColourControl/ColourControl/Player2/FuturePlayerMinX_reg[6][0]                    |                9 |             28 |
|  Player2MovementControl/clk | pixelColourControl/Player2MovementControl/PlayerMinX[6]_i_1__0_n_0                          | pixelColourControl/ColourControl/Player2/FuturePlayerMinX_reg[6][0]                    |                6 |             28 |
|  Player4MovementControl/clk | pixelColourControl/Player4MovementControl/FuturePlayerMinX                                  | pixelColourControl/ColourControl/Player4/FuturePlayerMinX_reg[6][0]                    |                8 |             28 |
|  Player4MovementControl/clk | pixelColourControl/Player4MovementControl/PlayerMinX[6]_i_1__2_n_0                          | pixelColourControl/ColourControl/Player4/FuturePlayerMinX_reg[6][0]                    |                5 |             28 |
|  clk6p25m_BUFG              |                                                                                             | pixelColourControl/BombControl/mod_inst[0].renderbomby/flickerBomb/SR[0]               |                7 |             28 |
|  clk6p25m_BUFG              |                                                                                             | pixelColourControl/BombControl/mod_inst[5].renderbomby/flickerBomb/SR[0]               |               11 |             28 |
|  clk6p25m_BUFG              |                                                                                             | pixelColourControl/BombControl/mod_inst[4].renderbomby/flickerBomb/SR[0]               |                7 |             28 |
|  clk6p25m_BUFG              |                                                                                             | pixelColourControl/BombControl/mod_inst[1].renderbomby/flickerBomb/SR[0]               |                7 |             28 |
|  clk6p25m_BUFG              |                                                                                             | pixelColourControl/BombControl/mod_inst[2].renderbomby/flickerBomb/SR[0]               |                8 |             28 |
|  clk6p25m_BUFG              | pixelColourControl/BombControl/mod_inst1[5].Bombcounter/E[0]                                |                                                                                        |               10 |             28 |
|  clk6p25m_BUFG              |                                                                                             | pixelColourControl/BombControl/mod_inst[3].renderbomby/flickerBomb/SR[0]               |                5 |             28 |
|  Player1MovementControl/clk | pixelColourControl/Player1MovementControl/FuturePlayerMinX                                  | pixelColourControl/ColourControl/Player1/SR[0]                                         |               10 |             28 |
|  Player1MovementControl/clk | pixelColourControl/Player1MovementControl/PlayerMinX[6]_i_1_n_0                             | pixelColourControl/ColourControl/Player1/SR[0]                                         |                5 |             28 |
|  clk6p25m_BUFG              | pixelColourControl/Player1MovementControl/isPixel_reg_21[0]                                 |                                                                                        |                3 |             32 |
|  clk6p25m_BUFG              | pixelColourControl/Player1MovementControl/isPixel_reg_0[0]                                  |                                                                                        |                5 |             32 |
|  clk6p25m_BUFG              | pixelColourControl/Player2MovementControl/E[0]                                              |                                                                                        |                4 |             32 |
|  clk6p25m_BUFG              | pixelColourControl/jones/nolabel_line48/pixel_data0                                         |                                                                                        |                5 |             32 |
|  clk6p25m_BUFG              | pixelColourControl/Player1MovementControl/E[0]                                              |                                                                                        |                5 |             32 |
|  SLOW_CLOCK                 | SevenSegControl/total_seconds0__0                                                           | pixelColourControl/SR[0]                                                               |                4 |             32 |
|  clk6p25m_BUFG              | pixelColourControl/Player2MovementControl/isPixel_reg_0[0]                                  |                                                                                        |                4 |             32 |
|  clk_40hz                   |                                                                                             |                                                                                        |               13 |             32 |
|  clk_40hz                   | pixelColourControl/btnCPlayer1In                                                            |                                                                                        |                6 |             32 |
|  SLOW_CLOCK                 |                                                                                             |                                                                                        |                8 |             32 |
|  twohundredhz/clk200hz      |                                                                                             |                                                                                        |                5 |             34 |
| ~clk6p25m_BUFG              |                                                                                             | Oled_display/frame_counter[16]_i_1_n_0                                                 |                5 |             34 |
|  clk6p25m_BUFG              | pixelColourControl/BombControl/mod_inst[0].renderbomby/flickerBomb/bufferLimit_0            | pixelColourControl/BombControl/mod_inst[0].renderbomby/flickerBomb/count               |                6 |             40 |
|  clk6p25m_BUFG              | pixelColourControl/BombControl/mod_inst[5].renderbomby/flickerBomb/bufferLimit_0            | pixelColourControl/BombControl/mod_inst[5].renderbomby/flickerBomb/count               |                5 |             40 |
|  clk6p25m_BUFG              | pixelColourControl/BombControl/mod_inst[2].renderbomby/flickerBomb/bufferLimit_0            | pixelColourControl/BombControl/mod_inst[2].renderbomby/flickerBomb/count               |                5 |             40 |
|  clk6p25m_BUFG              | pixelColourControl/BombControl/mod_inst[3].renderbomby/flickerBomb/bufferLimit_0            | pixelColourControl/BombControl/mod_inst[3].renderbomby/flickerBomb/count               |                5 |             40 |
|  clk6p25m_BUFG              | pixelColourControl/BombControl/mod_inst[1].renderbomby/flickerBomb/bufferLimit_0            | pixelColourControl/BombControl/mod_inst[1].renderbomby/flickerBomb/count               |                5 |             40 |
| ~clk6p25m_BUFG              | Oled_display/delay[0]_i_1_n_0                                                               |                                                                                        |                5 |             40 |
|  clk6p25m_BUFG              | pixelColourControl/BombControl/mod_inst[4].renderbomby/flickerBomb/bufferLimit_0            | pixelColourControl/BombControl/mod_inst[4].renderbomby/flickerBomb/count               |                6 |             40 |
|  clk6p25m_BUFG              | pixelColourControl/BombControl/mod_inst[5].renderbomby/flickerBomb/state                    | pixelColourControl/BombControl/mod_inst[5].renderbomby/flickerBomb/state[0]_i_1__4_n_0 |                8 |             64 |
|  clk6p25m_BUFG              | pixelColourControl/BombControl/mod_inst[4].renderbomby/flickerBomb/state                    | pixelColourControl/BombControl/mod_inst[4].renderbomby/flickerBomb/state[0]_i_1__3_n_0 |                8 |             64 |
|  clk6p25m_BUFG              | pixelColourControl/BombControl/mod_inst2[2].ExplodeAnimation/p_42_out                       | pixelColourControl/BombControl/mod_inst2[2].ExplodeAnimation/counter[31]_i_1__1_n_0    |                9 |             64 |
|  clk6p25m_BUFG              | pixelColourControl/BombControl/mod_inst2[1].ExplodeAnimation/p_56_out                       | pixelColourControl/BombControl/mod_inst2[1].ExplodeAnimation/counter[31]_i_1__0_n_0    |                9 |             64 |
|  clk6p25m_BUFG              | pixelColourControl/BombControl/mod_inst[1].renderbomby/startFlicker                         | pixelColourControl/BombControl/mod_inst[1].renderbomby/flickerBomb/count               |                8 |             64 |
|  clk6p25m_BUFG              | pixelColourControl/BombControl/mod_inst[1].renderbomby/startFlicker                         | pixelColourControl/BombControl/mod_inst[1].renderbomby/flickerBomb/buffer              |                8 |             64 |
|  clk6p25m_BUFG              | pixelColourControl/BombControl/mod_inst[3].renderbomby/startFlicker                         | pixelColourControl/BombControl/mod_inst[3].renderbomby/flickerBomb/buffer              |                8 |             64 |
|  clk6p25m_BUFG              | pixelColourControl/BombControl/mod_inst[3].renderbomby/startFlicker                         | pixelColourControl/BombControl/mod_inst[3].renderbomby/flickerBomb/count               |                8 |             64 |
|  clk6p25m_BUFG              | pixelColourControl/BombControl/mod_inst[2].renderbomby/startFlicker                         | pixelColourControl/BombControl/mod_inst[2].renderbomby/flickerBomb/buffer              |                8 |             64 |
|  clk6p25m_BUFG              | pixelColourControl/BombControl/mod_inst[2].renderbomby/startFlicker                         | pixelColourControl/BombControl/mod_inst[2].renderbomby/flickerBomb/count               |                8 |             64 |
|  clk6p25m_BUFG              | pixelColourControl/BombControl/mod_inst[3].renderbomby/flickerBomb/state                    | pixelColourControl/BombControl/mod_inst[3].renderbomby/flickerBomb/state[0]_i_1__2_n_0 |                8 |             64 |
|  clk6p25m_BUFG              | pixelColourControl/BombControl/mod_inst1[2].Bombcounter/count_reg[31]_0                     | pixelColourControl/BombControl/mod_inst1[2].Bombcounter/count                          |                8 |             64 |
|  clk6p25m_BUFG              | pixelColourControl/BombControl/mod_inst1[5].Bombcounter/count_reg[31]_0                     | pixelColourControl/BombControl/mod_inst1[5].Bombcounter/count                          |                8 |             64 |
|  clk6p25m_BUFG              | ResetControl/count0                                                                         | ResetControl/count[0]_i_1__7_n_0                                                       |                8 |             64 |
|  clk6p25m_BUFG              | pixelColourControl/BombControl/mod_inst1[1].Bombcounter/count_reg[31]_0                     | pixelColourControl/BombControl/mod_inst1[1].Bombcounter/count                          |                8 |             64 |
|  clk6p25m_BUFG              | pixelColourControl/BombControl/mod_inst2[0].ExplodeAnimation/p_70_out                       | pixelColourControl/BombControl/mod_inst2[0].ExplodeAnimation/counter[31]_i_1_n_0       |                9 |             64 |
|  clk6p25m_BUFG              | pixelColourControl/BombControl/mod_inst1[0].Bombcounter/count_reg[31]_0                     | pixelColourControl/BombControl/mod_inst1[0].Bombcounter/count                          |                8 |             64 |
|  clk6p25m_BUFG              |                                                                                             | pixelColourControl/ColourControl/player_blink/clear                                    |                8 |             64 |
|  clk_IBUF_BUFG              |                                                                                             | pixelColourControl/Player3MovementControl/clk40hz/clear                                |                8 |             64 |
|  clk6p25m_BUFG              | pixelColourControl/BombControl/mod_inst1[4].Bombcounter/count_reg[31]_0                     | pixelColourControl/BombControl/mod_inst1[4].Bombcounter/count                          |                8 |             64 |
|  clk6p25m_BUFG              | pixelColourControl/BombControl/mod_inst1[3].Bombcounter/count_reg[31]_0                     | pixelColourControl/BombControl/mod_inst1[3].Bombcounter/count                          |                8 |             64 |
|  clk_IBUF_BUFG              |                                                                                             | pixelColourControl/Player2MovementControl/clk40hz/clear                                |                8 |             64 |
|  clk6p25m_BUFG              | pixelColourControl/BombControl/mod_inst[0].renderbomby/flickerBomb/state                    | pixelColourControl/BombControl/mod_inst[0].renderbomby/flickerBomb/state[0]_i_1_n_0    |                8 |             64 |
|  clk6p25m_BUFG              | pixelColourControl/BombControl/mod_inst[1].renderbomby/flickerBomb/state                    | pixelColourControl/BombControl/mod_inst[1].renderbomby/flickerBomb/state[0]_i_1__0_n_0 |                8 |             64 |
|  clk_IBUF_BUFG              |                                                                                             | clock_6p25MHZ/COUNT[0]_i_1__4_n_0                                                      |                8 |             64 |
|  clk_IBUF_BUFG              |                                                                                             | twohundredhz/COUNT[0]_i_1__5_n_0                                                       |                8 |             64 |
|  clk6p25m_BUFG              |                                                                                             | SevenSegControl/onehz/clear                                                            |                8 |             64 |
|  clk6p25m_BUFG              | pixelColourControl/BombControl/mod_inst2[4].ExplodeAnimation/counter_reg[3]_0               | pixelColourControl/BombControl/mod_inst2[4].ExplodeAnimation/counter[31]_i_1__3_n_0    |                9 |             64 |
| ~clk6p25m_BUFG              | Oled_display/state                                                                          |                                                                                        |               11 |             64 |
|  clk6p25m_BUFG              | pixelColourControl/BombControl/mod_inst2[3].ExplodeAnimation/p_28_out                       | pixelColourControl/BombControl/mod_inst2[3].ExplodeAnimation/counter[31]_i_1__2_n_0    |                9 |             64 |
|  clk6p25m_BUFG              | pixelColourControl/BombControl/mod_inst[5].renderbomby/startFlicker                         | pixelColourControl/BombControl/mod_inst[5].renderbomby/flickerBomb/buffer              |                8 |             64 |
|  clk_IBUF_BUFG              |                                                                                             | pixelColourControl/Player4MovementControl/clk40hz/clear                                |                8 |             64 |
|  clk6p25m_BUFG              | pixelColourControl/BombControl/mod_inst[0].renderbomby/startFlicker                         | pixelColourControl/BombControl/mod_inst[0].renderbomby/flickerBomb/buffer              |                8 |             64 |
|  clk6p25m_BUFG              | pixelColourControl/BombControl/mod_inst[2].renderbomby/flickerBomb/state                    | pixelColourControl/BombControl/mod_inst[2].renderbomby/flickerBomb/state[0]_i_1__1_n_0 |                8 |             64 |
|  clk6p25m_BUFG              | pixelColourControl/BombControl/mod_inst[0].renderbomby/startFlicker                         | pixelColourControl/BombControl/mod_inst[0].renderbomby/flickerBomb/count               |                8 |             64 |
|  clk_IBUF_BUFG              |                                                                                             | pixelColourControl/clk40hz2/clear                                                      |                8 |             64 |
|  clk_IBUF_BUFG              |                                                                                             | pixelColourControl/Player1MovementControl/clk40hz/clear                                |                8 |             64 |
|  clk6p25m_BUFG              | pixelColourControl/BombControl/mod_inst2[5].ExplodeAnimation/counter_reg[3]_0               | pixelColourControl/BombControl/mod_inst2[5].ExplodeAnimation/counter[31]_i_1__4_n_0    |                9 |             64 |
|  clk6p25m_BUFG              | pixelColourControl/BombControl/mod_inst[5].renderbomby/startFlicker                         | pixelColourControl/BombControl/mod_inst[5].renderbomby/flickerBomb/count               |                8 |             64 |
|  clk6p25m_BUFG              | pixelColourControl/BombControl/mod_inst[4].renderbomby/startFlicker                         | pixelColourControl/BombControl/mod_inst[4].renderbomby/flickerBomb/count               |                8 |             64 |
|  clk6p25m_BUFG              | pixelColourControl/BombControl/mod_inst[4].renderbomby/startFlicker                         | pixelColourControl/BombControl/mod_inst[4].renderbomby/flickerBomb/buffer              |                8 |             64 |
|  clk6p25m_BUFG              |                                                                                             | pixelColourControl/ColourControl/Player1/counter/clear                                 |                9 |             66 |
|  clk6p25m_BUFG              |                                                                                             | pixelColourControl/ColourControl/Player4/counter/clear                                 |                9 |             66 |
|  clk6p25m_BUFG              |                                                                                             | pixelColourControl/ColourControl/Player3/counter/clear                                 |                9 |             66 |
|  clk6p25m_BUFG              |                                                                                             | pixelColourControl/ColourControl/Player4/state_reg[0]                                  |               13 |             66 |
|  clk6p25m_BUFG              |                                                                                             | pixelColourControl/ColourControl/Player2/counter/clear                                 |                9 |             66 |
|  clk6p25m_BUFG              |                                                                                             | pixelColourControl/ColourControl/Player2/state_reg[0][0]                               |               12 |             68 |
|  clk6p25m_BUFG              |                                                                                             | pixelColourControl/ColourControl/Player3/state_reg[0][0]                               |               15 |             68 |
|  clk6p25m_BUFG              |                                                                                             | pixelColourControl/ColourControl/Player1/SS[0]                                         |               16 |             68 |
| ~clk6p25m_BUFG              |                                                                                             | Oled_display/spi_word[39]_i_1_n_0                                                      |               15 |             90 |
|  clk_IBUF_BUFG              |                                                                                             | SW_IBUF[14]                                                                            |               35 |            182 |
|  clk6p25m_BUFG              |                                                                                             |                                                                                        |              126 |            458 |
+-----------------------------+---------------------------------------------------------------------------------------------+----------------------------------------------------------------------------------------+------------------+----------------+


